
--- Iniciando prueba de concurrencia: SIN CONTROL (Condición de Carrera) ---
Enviando 5 solicitudes simultáneas al asiento 2...
Tiempo de ejecución: 0.55 segundos
Resultados (SIN CONTROL (Condición de Carrera)):
- Solicitudes exitosas: 1
- Solicitudes fallidas: 4
- Reservas activas persistidas: 1
- Sobreasignaciones persistidas: 0
- Estado final del asiento: confirmado
ÉXITO: solo una solicitud fue aceptada.
  Usuario 1 -> HTTP 200: {'id': 13, 'usuario_id': 1, 'asiento_id': 2, 'estado': 'confirmada', 'fecha_expiracion': None}
  Usuario 2 -> HTTP 409: {'detail': 'El asiento ya tiene una reserva activa'}
  Usuario 3 -> HTTP 409: {'detail': 'El asiento ya tiene una reserva activa'}
  Usuario 4 -> HTTP 409: {'detail': 'El asiento ya tiene una reserva activa'}
  Usuario 5 -> HTTP 409: {'detail': 'El asiento ya tiene una reserva activa'}

--- Iniciando prueba de concurrencia: CON BLOQUEO PESIMISTA (SELECT FOR UPDATE) ---
Enviando 5 solicitudes simultáneas al asiento 2...
Tiempo de ejecución: 60.03 segundos
Resultados (CON BLOQUEO PESIMISTA (SELECT FOR UPDATE)):
- Solicitudes exitosas: 1
- Solicitudes fallidas: 4
- Reservas activas persistidas: 1
- Sobreasignaciones persistidas: 0
- Estado final del asiento: confirmado
ÉXITO: solo una solicitud fue aceptada.
  Usuario 1 -> HTTP 200: {'id': 18, 'usuario_id': 1, 'asiento_id': 2, 'estado': 'confirmada', 'fecha_expiracion': None}
  Usuario 2 -> HTTP 400: {'detail': 'Asiento no disponible'}
  Usuario 3 -> HTTP 400: {'detail': 'Asiento no disponible'}
  Usuario 4 -> HTTP 400: {'detail': 'Asiento no disponible'}
  Usuario 5 -> HTTP 400: {'detail': 'Asiento no disponible'}
